[    0.000000] Linux version 4.15.0-117-generic (buildd@lcy01-amd64-008) (gcc version 7.5.0 (Ubuntu 7.5.0-3ubuntu1~18.04)) #118-Ubuntu SMP Fri Sep 4 20:02:41 UTC 2020 (Ubuntu 4.15.0-117.118-generic 4.15.18)
[    0.000000] Command line: BOOT_IMAGE=/boot/vmlinuz-4.15.0-117-generic root=LABEL=cloudimg-rootfs ro console=tty1 console=ttyS0
[    0.000000] KERNEL supported cpus:
[    0.000000]   Intel GenuineIntel
[    0.000000]   AMD AuthenticAMD
[    0.000000]   Centaur CentaurHauls
[    0.000000] x86/fpu: Supporting XSAVE feature 0x001: 'x87 floating point registers'
[    0.000000] x86/fpu: Supporting XSAVE feature 0x002: 'SSE registers'
[    0.000000] x86/fpu: Supporting XSAVE feature 0x004: 'AVX registers'
[    0.000000] x86/fpu: xstate_offset[2]:  576, xstate_sizes[2]:  256
[    0.000000] x86/fpu: Enabled xstate features 0x7, context size is 832 bytes, using 'standard' format.
[    0.000000] e820: BIOS-provided physical RAM map:
[    0.000000] BIOS-e820: [mem 0x0000000000000000-0x000000000009fbff] usable
[    0.000000] BIOS-e820: [mem 0x000000000009fc00-0x000000000009ffff] reserved
[    0.000000] BIOS-e820: [mem 0x00000000000f0000-0x00000000000fffff] reserved
[    0.000000] BIOS-e820: [mem 0x0000000000100000-0x000000003ffeffff] usable
[    0.000000] BIOS-e820: [mem 0x000000003fff0000-0x000000003fffffff] ACPI data
[    0.000000] BIOS-e820: [mem 0x00000000fec00000-0x00000000fec00fff] reserved
[    0.000000] BIOS-e820: [mem 0x00000000fee00000-0x00000000fee00fff] reserved
[    0.000000] BIOS-e820: [mem 0x00000000fffc0000-0x00000000ffffffff] reserved
[    0.000000] NX (Execute Disable) protection: active
[    0.000000] SMBIOS 2.5 present.
[    0.000000] DMI: innotek GmbH VirtualBox/VirtualBox, BIOS VirtualBox 12/01/2006
[    0.000000] Hypervisor detected: KVM
[    0.000000] e820: last_pfn = 0x3fff0 max_arch_pfn = 0x400000000
[    0.000000] MTRR: Disabled
[    0.000000] x86/PAT: MTRRs disabled, skipping PAT initialization too.
[    0.000000] CPU MTRRs all blank - virtualized system.
[    0.000000] x86/PAT: Configuration [0-7]: WB  WT  UC- UC  WB  WT  UC- UC  
[    0.000000] found SMP MP-table at [mem 0x0009fff0-0x0009ffff]
[    0.000000] Scanning 1 areas for low memory corruption
[    0.000000] RAMDISK: [mem 0x35a67000-0x36d2afff]
[    0.000000] ACPI: Early table checksum verification disabled
[    0.000000] ACPI: RSDP 0x00000000000E0000 000024 (v02 VBOX  )
[    0.000000] ACPI: XSDT 0x000000003FFF0030 00003C (v01 VBOX   VBOXXSDT 00000001 ASL  00000061)
[    0.000000] ACPI: FACP 0x000000003FFF00F0 0000F4 (v04 VBOX   VBOXFACP 00000001 ASL  00000061)
[    0.000000] ACPI: DSDT 0x000000003FFF0470 002325 (v02 VBOX   VBOXBIOS 00000002 INTL 20100528)
[    0.000000] ACPI: FACS 0x000000003FFF0200 000040
[    0.000000] ACPI: FACS 0x000000003FFF0200 000040
[    0.000000] ACPI: APIC 0x000000003FFF0240 00005C (v02 VBOX   VBOXAPIC 00000001 ASL  00000061)
[    0.000000] ACPI: SSDT 0x000000003FFF02A0 0001CC (v01 VBOX   VBOXCPUT 00000002 INTL 20100528)
[    0.000000] No NUMA configuration found
[    0.000000] Faking a node at [mem 0x0000000000000000-0x000000003ffeffff]
[    0.000000] NODE_DATA(0) allocated [mem 0x3ffc5000-0x3ffeffff]
[    0.000000] kvm-clock: cpu 0, msr 0:3ff44001, primary cpu clock
[    0.000000] kvm-clock: Using msrs 4b564d01 and 4b564d00
[    0.000000] kvm-clock: using sched offset of 3890624740 cycles
[    0.000000] clocksource: kvm-clock: mask: 0xffffffffffffffff max_cycles: 0x1cd42e4dffb, max_idle_ns: 881590591483 ns
[    0.000000] Zone ranges:
[    0.000000]   DMA      [mem 0x0000000000001000-0x0000000000ffffff]
[    0.000000]   DMA32    [mem 0x0000000001000000-0x000000003ffeffff]
[    0.000000]   Normal   empty
[    0.000000]   Device   empty
[    0.000000] Movable zone start for each node
[    0.000000] Early memory node ranges
[    0.000000]   node   0: [mem 0x0000000000001000-0x000000000009efff]
[    0.000000]   node   0: [mem 0x0000000000100000-0x000000003ffeffff]
[    0.000000] Reserved but unavailable: 98 pages
[    0.000000] Initmem setup node 0 [mem 0x0000000000001000-0x000000003ffeffff]
[    0.000000] ACPI: PM-Timer IO Port: 0x4008
[    0.000000] IOAPIC[0]: apic_id 2, version 32, address 0xfec00000, GSI 0-23
[    0.000000] ACPI: INT_SRC_OVR (bus 0 bus_irq 0 global_irq 2 dfl dfl)
[    0.000000] ACPI: INT_SRC_OVR (bus 0 bus_irq 9 global_irq 9 low level)
[    0.000000] Using ACPI (MADT) for SMP configuration information
[    0.000000] smpboot: Allowing 2 CPUs, 0 hotplug CPUs
[    0.000000] PM: Registered nosave memory: [mem 0x00000000-0x00000fff]
[    0.000000] PM: Registered nosave memory: [mem 0x0009f000-0x0009ffff]
[    0.000000] PM: Registered nosave memory: [mem 0x000a0000-0x000effff]
[    0.000000] PM: Registered nosave memory: [mem 0x000f0000-0x000fffff]
[    0.000000] e820: [mem 0x40000000-0xfebfffff] available for PCI devices
[    0.000000] Booting paravirtualized kernel on KVM
[    0.000000] clocksource: refined-jiffies: mask: 0xffffffff max_cycles: 0xffffffff, max_idle_ns: 7645519600211568 ns
[    0.000000] random: get_random_bytes called from start_kernel+0x99/0x500 with crng_init=0
[    0.000000] setup_percpu: NR_CPUS:8192 nr_cpumask_bits:2 nr_cpu_ids:2 nr_node_ids:1
[    0.000000] percpu: Embedded 45 pages/cpu s147456 r8192 d28672 u1048576
[    0.000000] PV qspinlock hash table entries: 256 (order: 0, 4096 bytes)
[    0.000000] Built 1 zonelists, mobility grouping on.  Total pages: 257913
[    0.000000] Policy zone: DMA32
[    0.000000] Kernel command line: BOOT_IMAGE=/boot/vmlinuz-4.15.0-117-generic root=LABEL=cloudimg-rootfs ro console=tty1 console=ttyS0
[    0.000000] Memory: 983032K/1048120K available (12300K kernel code, 2481K rwdata, 4272K rodata, 2436K init, 2724K bss, 65088K reserved, 0K cma-reserved)
[    0.000000] SLUB: HWalign=64, Order=0-3, MinObjects=0, CPUs=2, Nodes=1
[    0.000000] Kernel/User page tables isolation: enabled
[    0.000000] ftrace: allocating 39392 entries in 154 pages
[    0.004000] Hierarchical RCU implementation.
[    0.004000] 	RCU restricting CPUs from NR_CPUS=8192 to nr_cpu_ids=2.
[    0.004000] 	Tasks RCU enabled.
[    0.004000] RCU: Adjusting geometry for rcu_fanout_leaf=16, nr_cpu_ids=2
[    0.004000] NR_IRQS: 524544, nr_irqs: 440, preallocated irqs: 16
[    0.004000] Console: colour VGA+ 80x25
[    0.004000] console [tty1] enabled
[    0.004000] console [ttyS0] enabled
[    0.004000] ACPI: Core revision 20170831
[    0.004000] ACPI: 2 ACPI AML tables successfully acquired and loaded
[    0.004000] APIC: Switch to symmetric I/O mode setup
[    0.004000] x2apic enabled
[    0.004000] Switched APIC routing to physical x2apic.
[    0.004000] ..TIMER: vector=0x30 apic1=0 pin1=2 apic2=-1 pin2=-1
[    0.004003] tsc: Detected 3696.006 MHz processor
[    0.004691] Calibrating delay loop (skipped) preset value.. 7392.01 BogoMIPS (lpj=14784024)
[    0.005229] pid_max: default: 32768 minimum: 301
[    0.005937] Security Framework initialized
[    0.006599] Yama: becoming mindful.
[    0.008015] AppArmor: AppArmor initialized
[    0.016045] Dentry cache hash table entries: 131072 (order: 8, 1048576 bytes)
[    0.020040] Inode-cache hash table entries: 65536 (order: 7, 524288 bytes)
[    0.024009] Mount-cache hash table entries: 2048 (order: 2, 16384 bytes)
[    0.025008] Mountpoint-cache hash table entries: 2048 (order: 2, 16384 bytes)
[    0.026237] Last level iTLB entries: 4KB 64, 2MB 8, 4MB 8
[    0.027123] Last level dTLB entries: 4KB 64, 2MB 0, 4MB 0, 1GB 4
[    0.028002] Spectre V1 : Mitigation: usercopy/swapgs barriers and __user pointer sanitization
[    0.029356] Spectre V2 : Mitigation: Full generic retpoline
[    0.030313] Spectre V2 : Spectre v2 / SpectreRSB mitigation: Filling RSB on context switch
[    0.032001] Speculative Store Bypass: Vulnerable
[    0.032801] SRBDS: Unknown: Dependent on hypervisor status
[    0.033693] MDS: Mitigation: Clear CPU buffers
[    0.034599] Freeing SMP alternatives memory: 36K
[    0.144474] smpboot: CPU0: Intel(R) Core(TM) i7-8700K CPU @ 3.70GHz (family: 0x6, model: 0x9e, stepping: 0xa)
[    0.146283] Performance Events: unsupported p6 CPU model 158 no PMU driver, software events only.
[    0.147784] Hierarchical SRCU implementation.
[    0.148517] NMI watchdog: Perf event create on CPU 0 failed with -2
[    0.149502] NMI watchdog: Perf NMI watchdog permanently disabled
[    0.150536] smp: Bringing up secondary CPUs ...
[    0.152023] x86: Booting SMP configuration:
[    0.152740] .... node  #0, CPUs:      #1
[    0.004000] kvm-clock: cpu 1, msr 0:3ff44041, secondary cpu clock
[    0.156016] smp: Brought up 1 node, 2 CPUs
[    0.156778] smpboot: Max logical packages: 1
[    0.157546] smpboot: Total of 2 processors activated (14784.02 BogoMIPS)
[    0.158732] devtmpfs: initialized
[    0.158732] x86/mm: Memory block size: 128MB
[    0.160159] evm: security.selinux
[    0.160759] evm: security.SMACK64
[    0.161340] evm: security.SMACK64EXEC
[    0.162001] evm: security.SMACK64TRANSMUTE
[    0.162711] evm: security.SMACK64MMAP
[    0.163433] evm: security.apparmor
[    0.164001] evm: security.ima
[    0.164536] evm: security.capability
[    0.165252] clocksource: jiffies: mask: 0xffffffff max_cycles: 0xffffffff, max_idle_ns: 7645041785100000 ns
[    0.165703] futex hash table entries: 512 (order: 3, 32768 bytes)
[    0.176030] pinctrl core: initialized pinctrl subsystem
[    0.180090] RTC time: 13:03:07, date: 11/15/20
[    0.180906] NET: Registered protocol family 16
[    0.181665] audit: initializing netlink subsys (disabled)
[    0.182508] audit: type=2000 audit(1605445392.550:1): state=initialized audit_enabled=0 res=1
[    0.184008] cpuidle: using governor ladder
[    0.184756] cpuidle: using governor menu
[    0.185485] ACPI: bus type PCI registered
[    0.186224] acpiphp: ACPI Hot Plug PCI Controller Driver version: 0.5
[    0.188080] PCI: Using configuration type 1 for base access
[    0.189207] HugeTLB registered 2.00 MiB page size, pre-allocated 0 pages
[    0.192062] ACPI: Added _OSI(Module Device)
[    0.192830] ACPI: Added _OSI(Processor Device)
[    0.193708] ACPI: Added _OSI(3.0 _SCP Extensions)
[    0.194516] ACPI: Added _OSI(Processor Aggregator Device)
[    0.195462] ACPI: Added _OSI(Linux-Dell-Video)
[    0.196002] ACPI: Added _OSI(Linux-Lenovo-NV-HDMI-Audio)
[    0.196934] ACPI: Added _OSI(Linux-HPI-Hybrid-Graphics)
[    0.198120] ACPI: Executed 1 blocks of module-level executable AML code
[    0.202112] ACPI: Interpreter enabled
[    0.202840] ACPI: (supports S0 S5)
[    0.204001] ACPI: Using IOAPIC for interrupt routing
[    0.205119] PCI: Using host bridge windows from ACPI; if necessary, use "pci=nocrs" and report a bug
[    0.206914] ACPI: Enabled 2 GPEs in block 00 to 07
[    0.213867] ACPI: PCI Root Bridge [PCI0] (domain 0000 [bus 00-ff])
[    0.215030] acpi PNP0A03:00: _OSC: OS supports [ASPM ClockPM Segments MSI]
[    0.216456] acpi PNP0A03:00: _OSC: not requesting OS control; OS requires [ExtendedConfig ASPM ClockPM MSI]
[    0.218132] acpi PNP0A03:00: fail to add MMCONFIG information, can't access extended PCI configuration space under this bridge.
[    0.220328] PCI host bridge to bus 0000:00
[    0.221133] pci_bus 0000:00: root bus resource [io  0x0000-0x0cf7 window]
[    0.222489] pci_bus 0000:00: root bus resource [io  0x0d00-0xffff window]
[    0.224003] pci_bus 0000:00: root bus resource [mem 0x000a0000-0x000bffff window]
[    0.225134] pci_bus 0000:00: root bus resource [mem 0x40000000-0xfdffffff window]
[    0.226256] pci_bus 0000:00: root bus resource [bus 00-ff]
[    0.229169] pci 0000:00:01.1: legacy IDE quirk: reg 0x10: [io  0x01f0-0x01f7]
[    0.230294] pci 0000:00:01.1: legacy IDE quirk: reg 0x14: [io  0x03f6]
[    0.231278] pci 0000:00:01.1: legacy IDE quirk: reg 0x18: [io  0x0170-0x0177]
[    0.232002] pci 0000:00:01.1: legacy IDE quirk: reg 0x1c: [io  0x0376]
[    0.243120] pci 0000:00:07.0: quirk: [io  0x4000-0x403f] claimed by PIIX4 ACPI
[    0.244011] pci 0000:00:07.0: quirk: [io  0x4100-0x410f] claimed by PIIX4 SMB
[    0.249419] ACPI: PCI Interrupt Link [LNKA] (IRQs 5 9 10 *11)
[    0.250590] ACPI: PCI Interrupt Link [LNKB] (IRQs 5 9 *10 11)
[    0.251552] ACPI: PCI Interrupt Link [LNKC] (IRQs 5 *9 10 11)
[    0.252097] ACPI: PCI Interrupt Link [LNKD] (IRQs 5 9 10 *11)
[    0.253228] SCSI subsystem initialized
[    0.253847] pci 0000:00:02.0: vgaarb: setting as boot VGA device
[    0.253847] pci 0000:00:02.0: vgaarb: VGA device added: decodes=io+mem,owns=io+mem,locks=none
[    0.256007] pci 0000:00:02.0: vgaarb: bridge control possible
[    0.256910] vgaarb: loaded
[    0.257424] ACPI: bus type USB registered
[    0.258092] usbcore: registered new interface driver usbfs
[    0.260014] usbcore: registered new interface driver hub
[    0.260977] usbcore: registered new device driver usb
[    0.261965] EDAC MC: Ver: 3.0.0
[    0.261965] PCI: Using ACPI for IRQ routing
[    0.264193] NetLabel: Initializing
[    0.264748] NetLabel:  domain hash size = 128
[    0.265411] NetLabel:  protocols = UNLABELED CIPSOv4 CALIPSO
[    0.266252] NetLabel:  unlabeled traffic allowed by default
[    0.267086] clocksource: Switched to clocksource kvm-clock
[    0.342026] VFS: Disk quotas dquot_6.6.0
[    0.342819] VFS: Dquot-cache hash table entries: 512 (order 0, 4096 bytes)
[    0.343946] AppArmor: AppArmor Filesystem Enabled
[    0.344875] pnp: PnP ACPI init
[    0.346359] pnp: PnP ACPI: found 3 devices
[    0.355314] clocksource: acpi_pm: mask: 0xffffff max_cycles: 0xffffff, max_idle_ns: 2085701024 ns
[    0.356951] NET: Registered protocol family 2
[    0.357905] TCP established hash table entries: 8192 (order: 4, 65536 bytes)
[    0.359095] TCP bind hash table entries: 8192 (order: 5, 131072 bytes)
[    0.384399] TCP: Hash tables configured (established 8192 bind 8192)
[    0.385394] UDP hash table entries: 512 (order: 2, 16384 bytes)
[    0.386296] UDP-Lite hash table entries: 512 (order: 2, 16384 bytes)
[    0.387262] NET: Registered protocol family 1
[    0.387951] pci 0000:00:00.0: Limiting direct PCI/PCI transfers
[    0.388868] pci 0000:00:01.0: Activating ISA DMA hang workarounds
[    0.389950] pci 0000:00:02.0: Video device with shadowed ROM at [mem 0x000c0000-0x000dffff]
[    0.391433] Unpacking initramfs...
[    1.355523] Freeing initrd memory: 19216K
[    1.356381] clocksource: tsc: mask: 0xffffffffffffffff max_cycles: 0x6a8d3326297, max_idle_ns: 881590805301 ns
[    1.358134] platform rtc_cmos: registered platform RTC device (no PNP device found)
[    1.359437] Scanning for low memory corruption every 60 seconds
[    1.361096] Initialise system trusted keyrings
[    1.361880] Key type blacklist registered
[    1.362677] workingset: timestamp_bits=36 max_order=18 bucket_order=0
[    1.364501] zbud: loaded
[    1.365461] squashfs: version 4.0 (2009/01/31) Phillip Lougher
[    1.366740] fuse init (API version 7.26)
[    1.369824] Key type asymmetric registered
[    1.370660] Asymmetric key parser 'x509' registered
[    1.371720] Block layer SCSI generic (bsg) driver version 0.4 loaded (major 246)
[    1.373078] io scheduler noop registered
[    1.373750] io scheduler deadline registered
[    1.374858] io scheduler cfq registered (default)
[    1.376231] ACPI: AC Adapter [AC] (on-line)
[    1.377001] input: Power Button as /devices/LNXSYSTM:00/LNXPWRBN:00/input/input0
[    1.378367] ACPI: Power Button [PWRF]
[    1.379056] input: Sleep Button as /devices/LNXSYSTM:00/LNXSLPBN:00/input/input1
[    1.380282] ACPI: Sleep Button [SLPF]
[    1.381247] Serial: 8250/16550 driver, 32 ports, IRQ sharing enabled
[    1.402821] 00:02: ttyS0 at I/O 0x3f8 (irq = 4, base_baud = 115200) is a 16550A
[    1.407505] Linux agpgart interface v0.103
[    1.409424] loop: module loaded
[    1.410325] scsi host0: ata_piix
[    1.410963] scsi host1: ata_piix
[    1.411502] ata1: PATA max UDMA/33 cmd 0x1f0 ctl 0x3f6 bmdma 0xd000 irq 14
[    1.412580] ata2: PATA max UDMA/33 cmd 0x170 ctl 0x376 bmdma 0xd008 irq 15
[    1.414117] libphy: Fixed MDIO Bus: probed
[    1.414756] tun: Universal TUN/TAP device driver, 1.6
[    1.415593] PPP generic driver version 2.4.2
[    1.416463] ehci_hcd: USB 2.0 'Enhanced' Host Controller (EHCI) Driver
[    1.417445] ehci-pci: EHCI PCI platform driver
[    1.418241] ehci-platform: EHCI generic platform driver
[    1.419024] ohci_hcd: USB 1.1 'Open' Host Controller (OHCI) Driver
[    1.419923] ohci-pci: OHCI PCI platform driver
[    1.420706] ohci-platform: OHCI generic platform driver
[    1.421816] uhci_hcd: USB Universal Host Controller Interface driver
[    1.422744] i8042: PNP: PS/2 Controller [PNP0303:PS2K,PNP0f03:PS2M] at 0x60,0x64 irq 1,12
[    1.424357] serio: i8042 KBD port at 0x60,0x64 irq 1
[    1.425158] serio: i8042 AUX port at 0x60,0x64 irq 12
[    1.426231] mousedev: PS/2 mouse device common for all mice
[    1.427705] rtc_cmos rtc_cmos: rtc core: registered rtc_cmos as rtc0
[    1.428729] input: AT Translated Set 2 keyboard as /devices/platform/i8042/serio0/input/input2
[    1.430102] rtc_cmos rtc_cmos: alarms up to one day, 114 bytes nvram
[    1.431181] i2c /dev entries driver
[    1.431815] device-mapper: uevent: version 1.0.3
[    1.432621] device-mapper: ioctl: 4.37.0-ioctl (2017-09-20) initialised: dm-devel@redhat.com
[    1.433983] ledtrig-cpu: registered to indicate activity on CPUs
[    1.435229] NET: Registered protocol family 10
[    1.438828] Segment Routing with IPv6
[    1.439454] NET: Registered protocol family 17
[    1.440278] Key type dns_resolver registered
[    1.441125] mce: Using 0 MCE banks
[    1.441734] RAS: Correctable Errors collector initialized.
[    1.442548] sched_clock: Marking stable (1441102409, 0)->(1732733246, -291630837)
[    1.444121] registered taskstats version 1
[    1.444795] Loading compiled-in X.509 certificates
[    1.447454] Loaded X.509 cert 'Build time autogenerated kernel key: 993aedfcb7091aab7364eeb95e85a8dab512d887'
[    1.449390] zswap: loaded using pool lzo/zbud
[    1.453294] Key type big_key registered
[    1.454013] Key type trusted registered
[    1.456292] Key type encrypted registered
[    1.457007] AppArmor: AppArmor sha1 policy hashing enabled
[    1.457928] ima: No TPM chip found, activating TPM-bypass! (rc=-19)
[    1.459050] ima: Allocated hash algorithm: sha1
[    1.459842] evm: HMAC attrs: 0x1
[    1.460759]   Magic number: 12:50:79
[    1.461468] rtc_cmos rtc_cmos: setting system clock to 2020-11-15 13:03:08 UTC (1605445388)
[    1.462951] BIOS EDD facility v0.16 2004-Jun-25, 0 devices found
[    1.463935] EDD information not available.
[    1.649189] Freeing unused kernel image memory: 2436K
[    1.826882] Write protecting the kernel read-only data: 20480k
[    1.832203] Freeing unused kernel image memory: 2008K
[    1.833661] Freeing unused kernel image memory: 1872K
[    1.840620] x86/mm: Checked W+X mappings: passed, no W+X pages found.
[    1.841745] x86/mm: Checking user space page tables
[    1.848308] x86/mm: Checked W+X mappings: passed, no W+X pages found.
Loading, please wait...
starting version 237
[    1.961704] e1000: Intel(R) PRO/1000 Network Driver - version 7.3.21-k8-NAPI
[    1.962828] e1000: Copyright (c) 1999-2006 Intel Corporation.
[    1.965678] Fusion MPT base driver 3.04.20
[    1.966566] Copyright (c) 1999-2008 LSI Corporation
[    1.970490] Fusion MPT SPI Host driver 3.04.20
[    1.979842] AVX2 version of gcm_enc/dec engaged.
[    1.980834] AES CTR mode by8 optimization enabled
[    2.193162] input: ImExPS/2 Generic Explorer Mouse as /devices/platform/i8042/serio1/input/input4
[    2.378522] e1000 0000:00:03.0 eth0: (PCI:33MHz:32-bit) 02:a6:ac:a9:9a:f4
[    2.379667] e1000 0000:00:03.0 eth0: Intel(R) PRO/1000 Network Connection
[    2.381801] mptbase: ioc0: Initiating bringup
[    2.383039] e1000 0000:00:03.0 enp0s3: renamed from eth0
[    3.465294] ioc0: LSI53C1030 A0: Capabilities={Initiator}
[    6.018624] scsi host2: ioc0: LSI53C1030 A0, FwRev=00000000h, Ports=1, MaxQ=256, IRQ=20
[    7.848945] scsi 2:0:0:0: Direct-Access     VBOX     HARDDISK         1.0  PQ: 0 ANSI: 5
[    7.880791] scsi target2:0:0: Beginning Domain Validation
[    7.884828] scsi target2:0:0: Domain Validation skipping write tests
[    7.885801] scsi target2:0:0: Ending Domain Validation
[    7.886764] scsi target2:0:0: asynchronous
[    7.888221] scsi 2:0:1:0: Direct-Access     VBOX     HARDDISK         1.0  PQ: 0 ANSI: 5
[    7.920046] scsi target2:0:1: Beginning Domain Validation
[    7.923376] random: fast init done
[    7.924484] scsi target2:0:1: Domain Validation skipping write tests
[    7.925426] scsi target2:0:1: Ending Domain Validation
[    7.926438] scsi target2:0:1: asynchronous
[    7.931196] random: systemd-udevd: uninitialized urandom read (16 bytes read)
[    7.932240] random: systemd-udevd: uninitialized urandom read (16 bytes read)
[    7.933331] random: systemd-udevd: uninitialized urandom read (16 bytes read)
[    7.934671] sd 2:0:0:0: Attached scsi generic sg0 type 0
[    7.934933] sd 2:0:0:0: [sda] 20971520 512-byte logical blocks: (10.7 GB/10.0 GiB)
[    7.935792] sd 2:0:1:0: Attached scsi generic sg1 type 0
[    7.936996] sd 2:0:0:0: [sda] Write Protect is off
[    7.938762] sd 2:0:0:0: [sda] Incomplete mode parameter data
[    7.938797] sd 2:0:1:0: [sdb] 20480 512-byte logical blocks: (10.5 MB/10.0 MiB)
[    7.939602] sd 2:0:0:0: [sda] Assuming drive cache: write through
[    7.941749] sd 2:0:1:0: [sdb] Write Protect is off
[    7.942895] sd 2:0:1:0: [sdb] Incomplete mode parameter data
[    7.943746] sd 2:0:1:0: [sdb] Assuming drive cache: write through
[    7.947550]  sda: sda1
[    7.949657] sd 2:0:0:0: [sda] Attached SCSI disk
[    7.951134] sd 2:0:1:0: [sdb] Attached SCSI disk
Begin: Loading essential drivers ... [    9.468078] raid6: sse2x1   gen() 14924 MB/s
[    9.516014] raid6: sse2x1   xor() 10598 MB/s
[    9.564809] raid6: sse2x2   gen() 18375 MB/s
[    9.612476] raid6: sse2x2   xor() 12541 MB/s
[    9.660715] raid6: sse2x4   gen() 20918 MB/s
[    9.708212] raid6: sse2x4   xor() 12125 MB/s
[    9.756271] raid6: avx2x1   gen() 29258 MB/s
[    9.804781] raid6: avx2x1   xor() 20723 MB/s
[    9.852855] raid6: avx2x2   gen() 36137 MB/s
[    9.900022] raid6: avx2x2   xor() 22722 MB/s
[    9.948159] raid6: avx2x4   gen() 40480 MB/s
[    9.996041] raid6: avx2x4   xor() 23315 MB/s
[    9.996895] raid6: using algorithm avx2x4 gen() 40480 MB/s
[    9.998346] raid6: .... xor() 23315 MB/s, rmw enabled
[    9.999892] raid6: using avx2x2 recovery algorithm
[   10.001686] xor: automatically using best checksumming function   avx       
[   10.003527] async_tx: api initialized (async)
done.
Begin: Running /scripts/init-premount ... done.
Begin: Mounting root file system ... Begin: Running /scripts/local-top ... done.
Begin: Running /scripts/local-premount ... [   10.034642] Btrfs loaded, crc32c=crc32c-intel
Scanning for Btrfs filesystems
done.
Warning: fsck not present, so skipping root file system
[   10.056088] EXT4-fs (sda1): mounted filesystem with ordered data mode. Opts: (null)
done.
Begin: Running /scripts/local-bottom ... done.
Begin: Running /scripts/init-bottom ... done.
[   10.189586] ip_tables: (C) 2000-2006 Netfilter Core Team
[   10.197302] systemd[1]: systemd 237 running in system mode. (+PAM +AUDIT +SELINUX +IMA +APPARMOR +SMACK +SYSVINIT +UTMP +LIBCRYPTSETUP +GCRYPT +GNUTLS +ACL +XZ +LZ4 +SECCOMP +BLKID +ELFUTILS +KMOD -IDN2 +IDN -PCRE2 default-hierarchy=hybrid)
[   10.200751] systemd[1]: Detected virtualization oracle.
[   10.201623] systemd[1]: Detected architecture x86-64.

Welcome to [1mUbuntu 18.04.5 LTS[0m!

[   10.216388] systemd[1]: Set hostname to <ubuntu>.
[   10.221439] systemd[1]: Initializing machine ID from random generator.
[   10.222531] systemd[1]: Installed transient /etc/machine-id file.
[   10.445836] systemd[1]: Reached target Swap.
[[0;32m  OK  [0m] Reached target Swap.
[   10.446990] systemd[1]: Started Forward Password Requests to Wall Directory Watch.
[[0;32m  OK  [0m] Started Forward Password Requests to Wall Directory Watch.
[   10.448763] systemd[1]: Reached target System Time Synchronized.
[[0;32m  OK  [0m] Reached target System Time Synchronized.
[   10.451609] systemd[1]: Created slice User and Session Slice.
[[0;32m  OK  [0m] Created slice User and Session Slice.
[[0;32m  OK  [0m] Created slice System Slice.
[[0;32m  OK  [0m] Listening on Network Service Netlink Socket.
[[0;32m  OK  [0m] Listening on udev Kernel Socket.
[[0;32m  OK  [0m] Listening on LVM2 metadata daemon socket.
[[0;32m  OK  [0m] Listening on udev Control Socket.
[[0;32m  OK  [0m] Listening on Device-mapper event daemon FIFOs.
[[0;32m  OK  [0m] Reached target Slices.
[[0;32m  OK  [0m] Created slice system-serial\x2dgetty.slice.
[[0;32m  OK  [0m] Listening on Journal Audit Socket.
[[0;32m  OK  [0m] Listening on /dev/initctl Compatibility Named Pipe.
[[0;32m  OK  [0m] Set up automount Arbitrary Executabâ€¦rmats File System Automount Point.
[[0;32m  OK  [0m] Listening on LVM2 poll daemon socket.
[[0;32m  OK  [0m] Reached target User and Group Name Lookups.
[[0;32m  OK  [0m] Listening on Journal Socket (/dev/log).
[[0;32m  OK  [0m] Listening on Syslog Socket.
[[0;32m  OK  [0m] Listening on Journal Socket.
         Starting Load Kernel Modules...
         Mounting POSIX Message Queue File System...
         Starting Create list of required stâ€¦ce nodes for the current kernel...
         Starting Remount Root and Kernel File Systems...
         Starting Set the console keyboard layout...
         Mounting Kernel Debug File System...
         Starting udev Coldplug all Devices...
         Starting Journal Service...
         Starting Monitoring of LVM2 mirrorsâ€¦ng dmeventd or progress polling...
         Starting Uncomplicated firewall...
[   12.093103] Loading iSCSI transport class v2.0-870.
[   12.098969] iscsi: registered transport (tcp)
         Mounting Huge Pages File System...
[   12.112390] iscsi: registered transport (iser)
[[0;32m  OK  [0m] Started Load Kernel Modules.
         Starting Apply Kernel Variables...
         Mounting FUSE Control File System...
         Mounting Kernel Configuration File System...
[[0;32m  OK  [0m] Started Create list of required staâ€¦vice nodes for the current kernel.
         Starting Create Static Device Nodes in /dev...
[[0;32m  OK  [0m] Started Uncomplicated firewall.
[[0;32m  OK  [0m] Started udev Coldplug all Devices.
[[0;32m  OK  [0m] Started Journal Service.
[[0;32m  OK  [0m] Mounted POSIX Message Queue File System.
[[0;32m  OK  [0m] Mounted Kernel Debug File System.
[[0;32m  OK  [0m] Mounted Huge Pages File System.
[[0;32m  OK  [0m] Mounted FUSE Control File System.
[[0;32m  OK  [0m] Mounted Kernel Configuration File System.
[[0;32m  OK  [0m] Started Create Static Device Nodes in /dev.
[[0;32m  OK  [0m] Started Remount Root and Kernel File Systems.
[[0;32m  OK  [0m] Started Apply Kernel Variables.
[[0;32m  OK  [0m] Started LVM2 metadata daemon.
         Starting Flush Journal to Persistent Storage...
         Starting Load/Save Random Seed...
         Starting udev Kernel Device Manager...
[[0;32m  OK  [0m] Started Monitoring of LVM2 mirrors,â€¦sing dmeventd or progress polling.
[[0;32m  OK  [0m] Started Load/Save Random Seed.
[[0;32m  OK  [0m] Started udev Kernel Device Manager.
[[0;32m  OK  [0m] Started Flush Journal to Persistent Storage.
[[0;32m  OK  [0m] Found device /dev/ttyS0.
[[0;32m  OK  [0m] Listening on Load/Save RF Kill Switch Status /dev/rfkill Watch.
[[0;32m  OK  [0m] Started Set the console keyboard layout.
[[0;32m  OK  [0m] Reached target Local File Systems (Pre).
[[0;32m  OK  [0m] Reached target Local File Systems.
         Starting Set console font and keymap...
         Starting ebtables ruleset management...
         Starting Tell Plymouth To Write Out Runtime Data...
         Starting Create Volatile Files and Directories...
         Starting AppArmor initialization...
         Starting Commit a transient machine-id on disk...
[[0;32m  OK  [0m] Started Dispatch Password Requests to Console Directory Watch.
[[0;32m  OK  [0m] Reached target Local Encrypted Volumes.
[[0;32m  OK  [0m] Started Set console font and keymap.
[[0;32m  OK  [0m] Started Tell Plymouth To Write Out Runtime Data.
[[0;32m  OK  [0m] Started Create Volatile Files and Directories.
         Starting Update UTMP about System Boot/Shutdown...
[[0;32m  OK  [0m] Started Update UTMP about System Boot/Shutdown.
[[0;32m  OK  [0m] Started Commit a transient machine-id on disk.
[[0;32m  OK  [0m] Started ebtables ruleset management.
[[0;32m  OK  [0m] Started AppArmor initialization.
         Starting Load AppArmor profiles managed internally by snapd...
         Starting Initial cloud-init job (pre-networking)...
[[0;32m  OK  [0m] Started Load AppArmor profiles managed internally by snapd.
[   16.528158] cloud-init[703]: Cloud-init v. 20.3-2-g371b392c-0ubuntu1~18.04.1 running 'init-local' at Sun, 15 Nov 2020 13:03:23 +0000. Up 15.99 seconds.
[[0;32m  OK  [0m] Started Initial cloud-init job (pre-networking).
[[0;32m  OK  [0m] Reached target Network (Pre).
         Starting Network Service...
[[0;32m  OK  [0m] Started Network Service.
         Starting Wait for Network to be Configured...
         Starting Network Name Resolution...
[[0;32m  OK  [0m] Started Network Name Resolution.
[[0;32m  OK  [0m] Reached target Network.
[[0;32m  OK  [0m] Reached target Host and Network Name Lookups.
[[0;32m  OK  [0m] Started Wait for Network to be Configured.
         Starting Initial cloud-init job (metadata service crawler)...
[   18.613829] cloud-init[827]: Cloud-init v. 20.3-2-g371b392c-0ubuntu1~18.04.1 running 'init' at Sun, 15 Nov 2020 13:03:25 +0000. Up 18.43 seconds.
[   18.615130] cloud-init[827]: ci-info: ++++++++++++++++++++++++++++++++++++++Net device info++++++++++++++++++++++++++++++++++++++
[   18.616409] cloud-init[827]: ci-info: +--------+------+----------------------------+---------------+--------+-------------------+
[   18.617685] cloud-init[827]: ci-info: | Device |  Up  |          Address           |      Mask     | Scope  |     Hw-Address    |
[   18.619105] cloud-init[827]: ci-info: +--------+------+----------------------------+---------------+--------+-------------------+
[   18.632277] cloud-init[827]: ci-info: | enp0s3 | True |         10.0.2.15          | 255.255.255.0 | global | 02:a6:ac:a9:9a:f4 |
[   18.633699] cloud-init[827]: ci-info: | enp0s3 | True | fe80::a6:acff:fea9:9af4/64 |       .       |  link  | 02:a6:ac:a9:9a:f4 |
[   18.635144] cloud-init[827]: ci-info: |   lo   | True |         127.0.0.1          |   255.0.0.0   |  host  |         .         |
[   18.636796] cloud-init[827]: ci-info: |   lo   | True |          ::1/128           |       .       |  host  |         .         |
[   18.638285] cloud-init[827]: ci-info: +--------+------+----------------------------+---------------+--------+-------------------+
[   18.639873] cloud-init[827]: ci-info: ++++++++++++++++++++++++++++Route IPv4 info+++++++++++++++++++++++++++++
[   18.643048] cloud-init[827]: ci-info: +-------+-------------+----------+-----------------+-----------+-------+
[   18.644315] cloud-init[827]: ci-info: | Route | Destination | Gateway  |     Genmask     | Interface | Flags |
[   18.646085] cloud-init[827]: ci-info: +-------+-------------+----------+-----------------+-----------+-------+
[   18.647057] cloud-init[827]: ci-info: |   0   |   0.0.0.0   | 10.0.2.2 |     0.0.0.0     |   enp0s3  |   UG  |
[   18.648265] cloud-init[827]: ci-info: |   1   |   10.0.2.0  | 0.0.0.0  |  255.255.255.0  |   enp0s3  |   U   |
[   18.649381] cloud-init[827]: ci-info: |   2   |   10.0.2.2  | 0.0.0.0  | 255.255.255.255 |   enp0s3  |   UH  |
[   18.650505] cloud-init[827]: ci-info: +-------+-------------+----------+-----------------+-----------+-------+
[   18.651777] cloud-init[827]: ci-info: +++++++++++++++++++Route IPv6 info+++++++++++++++++++
[   18.652799] cloud-init[827]: ci-info: +-------+-------------+---------+-----------+-------+
[   18.653855] cloud-init[827]: ci-info: | Route | Destination | Gateway | Interface | Flags |
[   18.654810] cloud-init[827]: ci-info: +-------+-------------+---------+-----------+-------+
[   18.655727] cloud-init[827]: ci-info: |   1   |  fe80::/64  |    ::   |   enp0s3  |   U   |
[   18.657115] cloud-init[827]: ci-info: |   3   |    local    |    ::   |   enp0s3  |   U   |
[   18.658247] cloud-init[827]: ci-info: |   4   |   ff00::/8  |    ::   |   enp0s3  |   U   |
[   18.668323] cloud-init[827]: ci-info: +-------+-------------+---------+-----------+-------+
[   20.236131] cloud-init[827]: Generating public/private rsa key pair.
[   20.236996] cloud-init[827]: Your identification has been saved in /etc/ssh/ssh_host_rsa_key.
[   20.248313] cloud-init[827]: Your public key has been saved in /etc/ssh/ssh_host_rsa_key.pub.
[   20.260311] cloud-init[827]: The key fingerprint is:
[   20.260845] cloud-init[827]: SHA256:pD+OFH3NmK3pivptcvYoD3SDAG4okilO82yEixiJW0A root@ubuntu-bionic
[   20.261779] cloud-init[827]: The key's randomart image is:
[   20.262547] cloud-init[827]: +---[RSA 2048]----+
[   20.263470] cloud-init[827]: |oE.              |
[   20.264023] cloud-init[827]: |.B..             |
[   20.276429] cloud-init[827]: |@++..   .        |
[   20.277043] cloud-init[827]: |O=*  . =   *     |
[   20.277579] cloud-init[827]: |+o +  = S + +    |
[   20.278095] cloud-init[827]: |  .  . + o o     |
[   20.278630] cloud-init[827]: |      o o o      |
[   20.279126] cloud-init[827]: |     .o*++       |
[   20.288236] cloud-init[827]: |    .o+B*oo      |
[   20.288787] cloud-init[827]: +----[SHA256]-----+
[   20.289362] cloud-init[827]: Generating public/private dsa key pair.
[   20.290080] cloud-init[827]: Your identification has been saved in /etc/ssh/ssh_host_dsa_key.
[   20.290970] cloud-init[827]: Your public key has been saved in /etc/ssh/ssh_host_dsa_key.pub.
[   20.291987] cloud-init[827]: The key fingerprint is:
[   20.292428] cloud-init[827]: SHA256:oViNw19AfHI2tC/3XZ7JPzWKx3rZMuiiZm95/768/pg root@ubuntu-bionic
[   20.293400] cloud-init[827]: The key's randomart image is:
[[0;32m  OK  [0m] Started Initial cloud-init job (metadata service crawler).
[   20.304751] cloud-init[827]: +---[DSA 1024]----+
[   20.320821] cloud-init[827]: |       oo..      |
[   20.321344] cloud-init[827]: |     . oo.=.     |
[[   20.321840] cloud-init[827]: |      = o=o.     |
[   20.321893] cloud-init[827]: |     o + o .     |
[   20.322396] cloud-init[827]: |    . . S . o   .|
[   20.322752] cloud-init[827]: |           o ..+=|
[0;32m  OK  [0m] Reached target Cloud-config availability.
[   20.322870] [cloud-init[0;32m  OK  [0m[827]: ] |          . + =+=|Reached target System Initialization.

[[0;32m  OK  [0m] Listening on UUID daemon activation socket.
[   20.341514] [[0;32m  OK  [0m] Listening on D-Bus System Message Bus Socket.
cloud-init[827]: |       o + + O.=.|
[   20.343278]          Starting LXD - unix socket.
cloud-init         Starting Socket activation for snappy daemon.
[[0;32m  OK  [0m] Started Daily Cleanup of Temporary Directories.
[[0;32m  OK  [0m] Started Daily apt download activities.
[[0;32m  OK  [0m] Started Discard unused blocks once a week.
[[0;32m  OK  [0m] Started Daily apt upgrade and clean activities.
[[0;32m  OK  [0m] Listening on Open-iSCSI iscsid Socket.
[[0;32m  OK  [0m] Listening on ACPID Listen Socket.
[[0;32m  OK  [0m] Started Message of the Day.
[[0;32m  OK  [0m] Reached target Timers.
[[0;32m  OK  [0m] Started ACPI Events Check.
[[0;32m  OK  [0m] Reached target Paths.
[[0;32m  OK  [0m] Reached target Network is Online.
         Starting Availability of block devices...
[[0;32m  OK  [0m] Reached target Remote File Systems (Pre).
[[0;32m  OK  [0m] Reached target Remote File Systems.
[[0;32m  OK  [0m] Listening on Socket activation for snappy daemon.
[827]: |      o.+.+o=.EBB|
[[0;32m  OK  [0m] Listening on LXD - unix socket.
[   20.359657] cloud-init[[0;32m  OK  [0m] Reached target Sockets.
[[0;32m  OK  [0m] Reached target Basic System.
[827]: +----[SHA256]-----+         Starting Accounts Service...

[[0;32m  OK  [0m] Started Deferred execution scheduler.
[[0;32m  OK  [0m] Started FUSE filesystem for LXC.
         Starting LSB: Record successful boot for GRUB...
[[0;32m  OK  [0m] Started irqbalance daemon.
[[0;32m  OK  [0m] Started D-Bus System Message Bus.
[   20.361463] cloud-init[827]: Generating public/private ecdsa key pair.
[   20.380461] cloud-init[827]: Your identification has been saved in /etc/ssh/ssh_host_ecdsa_key.
[   20.382118] cloud-init[827]: Your public key has been saved in /etc/ssh/ssh_host_ecdsa_key.pub.
[   20.383435] cloud-init[827]: The key fingerprint is:
[   20.384799] cloud-init[827]: SHA256:DSN6Q8kiHxJGHY5Jv17ZRgF85AaMENvWque4upEToqs root@ubuntu-bionic
[   20.386805] cloud-init[827]: The key's randomart image is:
[   20.387564] cloud-init[827]: +---[ECDSA 256]---+
[   20.388204] cloud-init[827]: | .B+.=ooo        |
[   20.388840] cloud-init[827]: | o Oooo+..       |
[   20.389441] cloud-init[827]: |  * B *.*        |
[   20.404225] cloud-init[827]: |   = B * +       |
[   20.404601] cloud-init[827]: |o   = = S .      |
[   20.416303] cloud-init[827]: |oo o o o         |
[   20.416976] cloud-init[827]: |= . o            |
[   20.417833] cloud-init[827]: | + +             |
[   20.418553] cloud-init[827]: |Eoo..            |
[   20.419384] cloud-init[827]: +----[SHA256]-----+
[   20.421560] cloud-init[827]: Generating public/private ed25519 key pair.
[   20.422381] cloud-init[827]: Your identification has been saved in /etc/ssh/ssh_host_ed25519_key.
[   20.423696] cloud-init[827]: Your public key has been saved in /etc/ssh/ssh_host_ed25519_key.pub.
[   20.424779] cloud-init[827]: The key fingerprint is:
[   20.425426] cloud-init[827]: SHA256:iR82q2eJtJW1+zgFcdnNVFzhl47HtA0xrpcRsvesw7E root@ubuntu-bionic
[   20.426756] cloud-init[827]: The key's randomart image is:
[   20.427444] cloud-init[827]: +--[ED25519 256]--+
[   20.430015] cloud-init[827]: |            .o+*B|
[   20.432825] cloud-init[827]: |          . o+o+=|
[   20.433481] cloud-init[827]: |           o. =+.|
[   20.434103] cloud-init[827]: |       . .o  o=*+|
[   20.434777] cloud-init[827]: |      . So o..+=+|
[   20.435418] cloud-init[827]: |      .oo+. .o.+ |
[   20.436059] cloud-init[827]: |     . +o. o  E  |
[   20.436701] cloud-init[827]: |      o.+ o.   . |
[   20.437835] cloud-init[827]: |      .o  .o.    |
[   20.438467] cloud-init[827]: +----[SHA256]-----+
[[0;32m  OK  [0m] Started Regular background program processing daemon.
         Starting Virtualbox guest utils...
         Starting LSB: automatic crash report generation...
         Starting Pollinate to seed the pseudo random number generator...
         Starting Login Service...
         Starting Permit User Sessions...
         Starting Dispatcher daemon for systemd-networkd...
         Starting Snap Daemon...
         Starting System Logging Service...
         Starting LXD - container startup/shutdown...
[[0;32m  OK  [0m] Started Availability of block devices.
[[0;32m  OK  [0m] Started Permit User Sessions.
[[0;32m  OK  [0m] Started System Logging Service.
[[0;32m  OK  [0m] Started Login Service.
[[0;32m  OK  [0m] Started Unattended Upgrades Shutdown.
         Starting Authorization Manager...
         Starting Hold until boot process finishes up...
         Starting Terminate Plymouth Boot Screen...
[[0;32m  OK  [0m] Started Hold until boot process finishes up.
[[0;32m  OK  [0m] Started Serial Getty on ttyS0.
         Starting Set console scheme...
[[0;32m  OK  [0m] Started Terminate Plymouth Boot Screen.
[[0;32m  OK  [0m] Started Authorization Manager.
[[0;32m  OK  [0m] Started Accounts Service.
[[0;32m  OK  [0m] Started Set console scheme.
[[0;32m  OK  [0m] Created slice system-getty.slice.
[[0;32m  OK  [0m] Started Getty on tty1.
[[0;32m  OK  [0m] Reached target Login Prompts.
[[0;32m  OK  [0m] Started LSB: automatic crash report generation.
[[0;32m  OK  [0m] Started LSB: Record successful boot for GRUB.
[[0;32m  OK  [0m] Started Virtualbox guest utils.
[[0;32m  OK  [0m] Started LXD - container startup/shutdown.
[[0;32m  OK  [0m] Started Dispatcher daemon for systemd-networkd.
[[0;32m  OK  [0m] Started Snap Daemon.
         Starting Wait until snapd is fully seeded...
[[0;32m  OK  [0m] Started Wait until snapd is fully seeded.
         Starting Apply the settings specified in cloud-config...
[   25.733845] cloud-init[1294]: Cloud-init v. 20.3-2-g371b392c-0ubuntu1~18.04.1 running 'modules:config' at Sun, 15 Nov 2020 13:03:32 +0000. Up 24.99 seconds.
[[0;32m  OK  [0m] Started Apply the settings specified in cloud-config.

Ubuntu 18.04.5 LTS ubuntu-bionic ttyS0

ubuntu-bionic login: ci-info: no authorized SSH keys fingerprints found for user ubuntu.
<14>Nov 15 13:03:35 ec2: 
<14>Nov 15 13:03:35 ec2: #############################################################
<14>Nov 15 13:03:35 ec2: -----BEGIN SSH HOST KEY FINGERPRINTS-----
<14>Nov 15 13:03:35 ec2: 1024 SHA256:oViNw19AfHI2tC/3XZ7JPzWKx3rZMuiiZm95/768/pg root@ubuntu-bionic (DSA)
<14>Nov 15 13:03:35 ec2: 256 SHA256:DSN6Q8kiHxJGHY5Jv17ZRgF85AaMENvWque4upEToqs root@ubuntu-bionic (ECDSA)
<14>Nov 15 13:03:35 ec2: 256 SHA256:iR82q2eJtJW1+zgFcdnNVFzhl47HtA0xrpcRsvesw7E root@ubuntu-bionic (ED25519)
<14>Nov 15 13:03:35 ec2: 2048 SHA256:pD+OFH3NmK3pivptcvYoD3SDAG4okilO82yEixiJW0A root@ubuntu-bionic (RSA)
<14>Nov 15 13:03:35 ec2: -----END SSH HOST KEY FINGERPRINTS-----
<14>Nov 15 13:03:35 ec2: #############################################################
-----BEGIN SSH HOST KEY KEYS-----
ecdsa-sha2-nistp256 AAAAE2VjZHNhLXNoYTItbmlzdHAyNTYAAAAIbmlzdHAyNTYAAABBBO8a445XZV8J20N5mDUj55xly3lWTvPeUSPROmULkPc/yhtp9XzLB+hQr789rxt1JPW/gczimFAdUBOUdWU+KEo= root@ubuntu-bionic
ssh-ed25519 AAAAC3NzaC1lZDI1NTE5AAAAIEkV1K0nitjHsPD8u8ZP8lwDqFKjR4yDT1VNJ/HmF31m root@ubuntu-bionic
ssh-rsa AAAAB3NzaC1yc2EAAAADAQABAAABAQCcou8UZZnBgBMC3UaNPYPEpawFXEEJ6MihA1NGAM88RAJaSY1AS7ByCT1BMSNgOCQEUWrQqGSJbkGMzey0fIhmEuQwFIomTIIrL2825/p2a5pFm5W8bn/r75Q+Tvt6sruz45x0dTfx3bikz6v7CYaU8WKBnwd813Zm+sxH2L9CkT+ZpmRIK6MxiHNZiHfUTz+fAj9DPtTfkMmAicRKR3x5NnTU2xbmqcN6JVYugJnbbA5+AK8u2lnx9rmosSvIOkJv90zdXHebtcJooO3msTJwR3O1irYh3wepaBDq1mNJvneGMlqfRVFMrwhg0WP6rbSLXJLocb14xPpMj66Ts8UB root@ubuntu-bionic
-----END SSH HOST KEY KEYS-----
[   28.617954] cloud-init[1409]: Cloud-init v. 20.3-2-g371b392c-0ubuntu1~18.04.1 running 'modules:final' at Sun, 15 Nov 2020 13:03:35 +0000. Up 28.37 seconds.
[   28.619688] cloud-init[1409]: ci-info: no authorized SSH keys fingerprints found for user ubuntu.
[   28.620857] cloud-init[1409]: Cloud-init v. 20.3-2-g371b392c-0ubuntu1~18.04.1 finished at Sun, 15 Nov 2020 13:03:35 +0000. Datasource DataSourceNoCloud [seed=/dev/sdb][dsmode=net].  Up 28.60 seconds
